./benchmark.sh: linha 4: python: comando não encontrado
./benchmark.sh: linha 6: python: comando não encontrado
Traceback (most recent call last):
  File "/home/jefferson-silva/codigos/iag_forall/app/benchmark_thesis.py", line 15, in <module>
    import pandas as pd
ModuleNotFoundError: No module named 'pandas'
Traceback (most recent call last):
  File "/home/jefferson-silva/codigos/iag_forall/app/evaluate_results.py", line 9, in <module>
    import pandas as pd
ModuleNotFoundError: No module named 'pandas'
error: externally-managed-environment

× This environment is externally managed
╰─> To install Python packages system-wide, try apt install
    python3-xyz, where xyz is the package you are trying to
    install.
    
    If you wish to install a non-Debian-packaged Python package,
    create a virtual environment using python3 -m venv path/to/venv.
    Then use path/to/venv/bin/python and path/to/venv/bin/pip. Make
    sure you have python3-full installed.
    
    If you wish to install a non-Debian packaged Python application,
    it may be easiest to use pipx install xyz, which will manage a
    virtual environment for you. Make sure you have pipx installed.
    
    See /usr/share/doc/python3.13/README.venv for more information.

note: If you believe this is a mistake, please contact your Python installation or OS distribution provider. You can override this, at the risk of breaking your Python installation or OS, by passing --break-system-packages.
hint: See PEP 668 for the detailed specification.
Traceback (most recent call last):
  File "/home/jefferson-silva/codigos/iag_forall/app/benchmark_thesis.py", line 15, in <module>
    import pandas as pd
ModuleNotFoundError: No module named 'pandas'
Traceback (most recent call last):
  File "/home/jefferson-silva/codigos/iag_forall/app/evaluate_results.py", line 9, in <module>
    import pandas as pd
ModuleNotFoundError: No module named 'pandas'
Defaulting to user installation because normal site-packages is not writeable
Collecting pandas
  Downloading pandas-2.3.3-cp313-cp313-manylinux_2_24_x86_64.manylinux_2_28_x86_64.whl.metadata (91 kB)
Collecting numpy>=1.26.0 (from pandas)
  Downloading numpy-2.4.0-cp313-cp313-manylinux_2_27_x86_64.manylinux_2_28_x86_64.whl.metadata (6.6 kB)
Requirement already satisfied: python-dateutil>=2.8.2 in /usr/lib/python3/dist-packages (from pandas) (2.9.0)
Collecting pytz>=2020.1 (from pandas)
  Downloading pytz-2025.2-py2.py3-none-any.whl.metadata (22 kB)
Collecting tzdata>=2022.7 (from pandas)
  Downloading tzdata-2025.3-py2.py3-none-any.whl.metadata (1.4 kB)
Downloading pandas-2.3.3-cp313-cp313-manylinux_2_24_x86_64.manylinux_2_28_x86_64.whl (12.3 MB)
   ━━━━━━━━━━━━━━━━━━━━━━━━━━━━━━━━━━━━━━━━ 12.3/12.3 MB 27.5 MB/s eta 0:00:00
Downloading numpy-2.4.0-cp313-cp313-manylinux_2_27_x86_64.manylinux_2_28_x86_64.whl (16.4 MB)
   ━━━━━━━━━━━━━━━━━━━━━━━━━━━━━━━━━━━━━━━━ 16.4/16.4 MB 44.0 MB/s eta 0:00:00
Downloading pytz-2025.2-py2.py3-none-any.whl (509 kB)
Downloading tzdata-2025.3-py2.py3-none-any.whl (348 kB)
Installing collected packages: pytz, tzdata, numpy, pandas
  WARNING: The scripts f2py and numpy-config are installed in '/home/jefferson-silva/.local/bin' which is not on PATH.
  Consider adding this directory to PATH or, if you prefer to suppress this warning, use --no-warn-script-location.
Successfully installed numpy-2.4.0 pandas-2.3.3 pytz-2025.2 tzdata-2025.3
Traceback (most recent call last):
  File "/home/jefferson-silva/codigos/iag_forall/app/benchmark_thesis.py", line 17, in <module>
    import httpx
ModuleNotFoundError: No module named 'httpx'
Traceback (most recent call last):
  File "/home/jefferson-silva/codigos/iag_forall/app/evaluate_results.py", line 11, in <module>
    import httpx
ModuleNotFoundError: No module named 'httpx'
Defaulting to user installation because normal site-packages is not writeable
Collecting tqdm
  Downloading tqdm-4.67.1-py3-none-any.whl.metadata (57 kB)
Requirement already satisfied: pandas in /home/jefferson-silva/.local/lib/python3.13/site-packages (2.3.3)
Collecting httpx
  Downloading httpx-0.28.1-py3-none-any.whl.metadata (7.1 kB)
Requirement already satisfied: numpy>=1.26.0 in /home/jefferson-silva/.local/lib/python3.13/site-packages (from pandas) (2.4.0)
Requirement already satisfied: python-dateutil>=2.8.2 in /usr/lib/python3/dist-packages (from pandas) (2.9.0)
Requirement already satisfied: pytz>=2020.1 in /home/jefferson-silva/.local/lib/python3.13/site-packages (from pandas) (2025.2)
Requirement already satisfied: tzdata>=2022.7 in /home/jefferson-silva/.local/lib/python3.13/site-packages (from pandas) (2025.3)
Collecting anyio (from httpx)
  Downloading anyio-4.12.0-py3-none-any.whl.metadata (4.3 kB)
Requirement already satisfied: certifi in /usr/lib/python3/dist-packages (from httpx) (2025.1.31)
Collecting httpcore==1.* (from httpx)
  Downloading httpcore-1.0.9-py3-none-any.whl.metadata (21 kB)
Requirement already satisfied: idna in /usr/lib/python3/dist-packages (from httpx) (3.10)
Collecting h11>=0.16 (from httpcore==1.*->httpx)
  Downloading h11-0.16.0-py3-none-any.whl.metadata (8.3 kB)
Downloading tqdm-4.67.1-py3-none-any.whl (78 kB)
Downloading httpx-0.28.1-py3-none-any.whl (73 kB)
Downloading httpcore-1.0.9-py3-none-any.whl (78 kB)
Downloading anyio-4.12.0-py3-none-any.whl (113 kB)
Downloading h11-0.16.0-py3-none-any.whl (37 kB)
Installing collected packages: tqdm, h11, anyio, httpcore, httpx
  WARNING: The script tqdm is installed in '/home/jefferson-silva/.local/bin' which is not on PATH.
  Consider adding this directory to PATH or, if you prefer to suppress this warning, use --no-warn-script-location.
  WARNING: The script httpx is installed in '/home/jefferson-silva/.local/bin' which is not on PATH.
  Consider adding this directory to PATH or, if you prefer to suppress this warning, use --no-warn-script-location.
Successfully installed anyio-4.12.0 h11-0.16.0 httpcore-1.0.9 httpx-0.28.1 tqdm-4.67.1
Traceback (most recent call last):
  File "/home/jefferson-silva/codigos/iag_forall/app/benchmark_thesis.py", line 21, in <module>
    from datasets import load_dataset
ModuleNotFoundError: No module named 'datasets'
2025-12-30 19:28:42,535 No CSV found.
Defaulting to user installation because normal site-packages is not writeable
Collecting datasets
  Downloading datasets-4.4.2-py3-none-any.whl.metadata (19 kB)
Requirement already satisfied: tqdm in /home/jefferson-silva/.local/lib/python3.13/site-packages (4.67.1)
Requirement already satisfied: pandas in /home/jefferson-silva/.local/lib/python3.13/site-packages (2.3.3)
Requirement already satisfied: httpx in /home/jefferson-silva/.local/lib/python3.13/site-packages (0.28.1)
Collecting filelock (from datasets)
  Downloading filelock-3.20.1-py3-none-any.whl.metadata (2.1 kB)
Requirement already satisfied: numpy>=1.17 in /home/jefferson-silva/.local/lib/python3.13/site-packages (from datasets) (2.4.0)
Collecting pyarrow>=21.0.0 (from datasets)
  Downloading pyarrow-22.0.0-cp313-cp313-manylinux_2_28_x86_64.whl.metadata (3.2 kB)
Collecting dill<0.4.1,>=0.3.0 (from datasets)
  Downloading dill-0.4.0-py3-none-any.whl.metadata (10 kB)
Requirement already satisfied: requests>=2.32.2 in /usr/lib/python3/dist-packages (from datasets) (2.32.3)
Collecting xxhash (from datasets)
  Downloading xxhash-3.6.0-cp313-cp313-manylinux2014_x86_64.manylinux_2_17_x86_64.manylinux_2_28_x86_64.whl.metadata (13 kB)
Collecting multiprocess<0.70.19 (from datasets)
  Downloading multiprocess-0.70.18-py313-none-any.whl.metadata (7.2 kB)
Collecting fsspec<=2025.10.0,>=2023.1.0 (from fsspec[http]<=2025.10.0,>=2023.1.0->datasets)
  Downloading fsspec-2025.10.0-py3-none-any.whl.metadata (10 kB)
Collecting huggingface-hub<2.0,>=0.25.0 (from datasets)
  Downloading huggingface_hub-1.2.3-py3-none-any.whl.metadata (13 kB)
Requirement already satisfied: packaging in /usr/lib/python3/dist-packages (from datasets) (24.2)
Requirement already satisfied: pyyaml>=5.1 in /usr/lib/python3/dist-packages (from datasets) (6.0.2)
Requirement already satisfied: python-dateutil>=2.8.2 in /usr/lib/python3/dist-packages (from pandas) (2.9.0)
Requirement already satisfied: pytz>=2020.1 in /home/jefferson-silva/.local/lib/python3.13/site-packages (from pandas) (2025.2)
Requirement already satisfied: tzdata>=2022.7 in /home/jefferson-silva/.local/lib/python3.13/site-packages (from pandas) (2025.3)
Requirement already satisfied: anyio in /home/jefferson-silva/.local/lib/python3.13/site-packages (from httpx) (4.12.0)
Requirement already satisfied: certifi in /usr/lib/python3/dist-packages (from httpx) (2025.1.31)
Requirement already satisfied: httpcore==1.* in /home/jefferson-silva/.local/lib/python3.13/site-packages (from httpx) (1.0.9)
Requirement already satisfied: idna in /usr/lib/python3/dist-packages (from httpx) (3.10)
Requirement already satisfied: h11>=0.16 in /home/jefferson-silva/.local/lib/python3.13/site-packages (from httpcore==1.*->httpx) (0.16.0)
Collecting aiohttp!=4.0.0a0,!=4.0.0a1 (from fsspec[http]<=2025.10.0,>=2023.1.0->datasets)
  Downloading aiohttp-3.13.2-cp313-cp313-manylinux2014_x86_64.manylinux_2_17_x86_64.manylinux_2_28_x86_64.whl.metadata (8.1 kB)
Collecting hf-xet<2.0.0,>=1.2.0 (from huggingface-hub<2.0,>=0.25.0->datasets)
  Downloading hf_xet-1.2.0-cp37-abi3-manylinux_2_17_x86_64.manylinux2014_x86_64.whl.metadata (4.9 kB)
Collecting shellingham (from huggingface-hub<2.0,>=0.25.0->datasets)
  Downloading shellingham-1.5.4-py2.py3-none-any.whl.metadata (3.5 kB)
Collecting typer-slim (from huggingface-hub<2.0,>=0.25.0->datasets)
  Downloading typer_slim-0.21.0-py3-none-any.whl.metadata (16 kB)
Requirement already satisfied: typing-extensions>=3.7.4.3 in /usr/lib/python3/dist-packages (from huggingface-hub<2.0,>=0.25.0->datasets) (4.12.2)
Requirement already satisfied: chardet>=3.0.2 in /usr/lib/python3/dist-packages (from requests>=2.32.2->datasets) (5.2.0)
Requirement already satisfied: urllib3<3,>=1.21.1 in /usr/lib/python3/dist-packages (from requests>=2.32.2->datasets) (2.3.0)
Collecting aiohappyeyeballs>=2.5.0 (from aiohttp!=4.0.0a0,!=4.0.0a1->fsspec[http]<=2025.10.0,>=2023.1.0->datasets)
  Downloading aiohappyeyeballs-2.6.1-py3-none-any.whl.metadata (5.9 kB)
Collecting aiosignal>=1.4.0 (from aiohttp!=4.0.0a0,!=4.0.0a1->fsspec[http]<=2025.10.0,>=2023.1.0->datasets)
  Downloading aiosignal-1.4.0-py3-none-any.whl.metadata (3.7 kB)
Requirement already satisfied: attrs>=17.3.0 in /usr/lib/python3/dist-packages (from aiohttp!=4.0.0a0,!=4.0.0a1->fsspec[http]<=2025.10.0,>=2023.1.0->datasets) (25.1.0)
Collecting frozenlist>=1.1.1 (from aiohttp!=4.0.0a0,!=4.0.0a1->fsspec[http]<=2025.10.0,>=2023.1.0->datasets)
  Downloading frozenlist-1.8.0-cp313-cp313-manylinux1_x86_64.manylinux_2_28_x86_64.manylinux_2_5_x86_64.whl.metadata (20 kB)
Collecting multidict<7.0,>=4.5 (from aiohttp!=4.0.0a0,!=4.0.0a1->fsspec[http]<=2025.10.0,>=2023.1.0->datasets)
  Downloading multidict-6.7.0-cp313-cp313-manylinux2014_x86_64.manylinux_2_17_x86_64.manylinux_2_28_x86_64.whl.metadata (5.3 kB)
Collecting propcache>=0.2.0 (from aiohttp!=4.0.0a0,!=4.0.0a1->fsspec[http]<=2025.10.0,>=2023.1.0->datasets)
  Downloading propcache-0.4.1-cp313-cp313-manylinux2014_x86_64.manylinux_2_17_x86_64.manylinux_2_28_x86_64.whl.metadata (13 kB)
Collecting yarl<2.0,>=1.17.0 (from aiohttp!=4.0.0a0,!=4.0.0a1->fsspec[http]<=2025.10.0,>=2023.1.0->datasets)
  Downloading yarl-1.22.0-cp313-cp313-manylinux2014_x86_64.manylinux_2_17_x86_64.manylinux_2_28_x86_64.whl.metadata (75 kB)
Requirement already satisfied: click>=8.0.0 in /usr/lib/python3/dist-packages (from typer-slim->huggingface-hub<2.0,>=0.25.0->datasets) (8.1.8)
Downloading datasets-4.4.2-py3-none-any.whl (512 kB)
Downloading dill-0.4.0-py3-none-any.whl (119 kB)
Downloading fsspec-2025.10.0-py3-none-any.whl (200 kB)
Downloading huggingface_hub-1.2.3-py3-none-any.whl (520 kB)
Downloading multiprocess-0.70.18-py313-none-any.whl (151 kB)
Downloading pyarrow-22.0.0-cp313-cp313-manylinux_2_28_x86_64.whl (47.7 MB)
   ━━━━━━━━━━━━━━━━━━━━━━━━━━━━━━━━━━━━━━━━ 47.7/47.7 MB 28.2 MB/s eta 0:00:00
Downloading filelock-3.20.1-py3-none-any.whl (16 kB)
Downloading xxhash-3.6.0-cp313-cp313-manylinux2014_x86_64.manylinux_2_17_x86_64.manylinux_2_28_x86_64.whl (193 kB)
Downloading aiohttp-3.13.2-cp313-cp313-manylinux2014_x86_64.manylinux_2_17_x86_64.manylinux_2_28_x86_64.whl (1.7 MB)
   ━━━━━━━━━━━━━━━━━━━━━━━━━━━━━━━━━━━━━━━━ 1.7/1.7 MB 56.3 MB/s eta 0:00:00
Downloading hf_xet-1.2.0-cp37-abi3-manylinux_2_17_x86_64.manylinux2014_x86_64.whl (3.3 MB)
   ━━━━━━━━━━━━━━━━━━━━━━━━━━━━━━━━━━━━━━━━ 3.3/3.3 MB 65.7 MB/s eta 0:00:00
Downloading shellingham-1.5.4-py2.py3-none-any.whl (9.8 kB)
Downloading typer_slim-0.21.0-py3-none-any.whl (47 kB)
Downloading aiohappyeyeballs-2.6.1-py3-none-any.whl (15 kB)
Downloading aiosignal-1.4.0-py3-none-any.whl (7.5 kB)
Downloading frozenlist-1.8.0-cp313-cp313-manylinux1_x86_64.manylinux_2_28_x86_64.manylinux_2_5_x86_64.whl (234 kB)
Downloading multidict-6.7.0-cp313-cp313-manylinux2014_x86_64.manylinux_2_17_x86_64.manylinux_2_28_x86_64.whl (254 kB)
Downloading propcache-0.4.1-cp313-cp313-manylinux2014_x86_64.manylinux_2_17_x86_64.manylinux_2_28_x86_64.whl (204 kB)
Downloading yarl-1.22.0-cp313-cp313-manylinux2014_x86_64.manylinux_2_17_x86_64.manylinux_2_28_x86_64.whl (377 kB)
Installing collected packages: xxhash, typer-slim, shellingham, pyarrow, propcache, multidict, hf-xet, fsspec, frozenlist, filelock, dill, aiohappyeyeballs, yarl, multiprocess, aiosignal, huggingface-hub, aiohttp, datasets
  WARNING: The scripts hf and tiny-agents are installed in '/home/jefferson-silva/.local/bin' which is not on PATH.
  Consider adding this directory to PATH or, if you prefer to suppress this warning, use --no-warn-script-location.
  WARNING: The script datasets-cli is installed in '/home/jefferson-silva/.local/bin' which is not on PATH.
  Consider adding this directory to PATH or, if you prefer to suppress this warning, use --no-warn-script-location.
Successfully installed aiohappyeyeballs-2.6.1 aiohttp-3.13.2 aiosignal-1.4.0 datasets-4.4.2 dill-0.4.0 filelock-3.20.1 frozenlist-1.8.0 fsspec-2025.10.0 hf-xet-1.2.0 huggingface-hub-1.2.3 multidict-6.7.0 multiprocess-0.70.18 propcache-0.4.1 pyarrow-22.0.0 shellingham-1.5.4 typer-slim-0.21.0 xxhash-3.6.0 yarl-1.22.0
Traceback (most recent call last):
  File "/home/jefferson-silva/codigos/iag_forall/app/benchmark_thesis.py", line 27, in <module>
    from app.providers_async import call_model
  File "/home/jefferson-silva/codigos/iag_forall/app/app/providers_async.py", line 28, in <module>
    import pybreaker
ModuleNotFoundError: No module named 'pybreaker'

During handling of the above exception, another exception occurred:

Traceback (most recent call last):
  File "/home/jefferson-silva/codigos/iag_forall/app/benchmark_thesis.py", line 34, in <module>
    from app.providers_async import call_model
  File "/home/jefferson-silva/codigos/iag_forall/app/app/providers_async.py", line 28, in <module>
    import pybreaker
ModuleNotFoundError: No module named 'pybreaker'
2025-12-30 19:29:08,112 No CSV found.
